Executing:   0%|          | 0/23 [00:00<?, ?cell/s][IPKernelApp] ERROR | Failed to open SQLite history /home/ewater-mmelotto/.ipython/profile_default/history.sqlite (database is locked).
Traceback (most recent call last):
  File "/home/ewater-mmelotto/miniforge3/envs/ewatercycle_spider/lib/python3.12/site-packages/IPython/core/history.py", line 123, in catch_corrupt_db
    return f(self, *a, **kw)
           ^^^^^^^^^^^^^^^^^
  File "/home/ewater-mmelotto/miniforge3/envs/ewatercycle_spider/lib/python3.12/site-packages/IPython/core/history.py", line 332, in init_db
    self.db.execute(
sqlite3.OperationalError: database is locked

During handling of the above exception, another exception occurred:

Traceback (most recent call last):
  File "/home/ewater-mmelotto/miniforge3/envs/ewatercycle_spider/lib/python3.12/runpy.py", line 198, in _run_module_as_main
    return _run_code(code, main_globals, None,
           ^^^^^^^^^^^^^^^^^^^^^^^^^^^^^^^^^^^
  File "/home/ewater-mmelotto/miniforge3/envs/ewatercycle_spider/lib/python3.12/runpy.py", line 88, in _run_code
    exec(code, run_globals)
  File "/home/ewater-mmelotto/miniforge3/envs/ewatercycle_spider/lib/python3.12/site-packages/ipykernel_launcher.py", line 18, in <module>
    app.launch_new_instance()
  File "/home/ewater-mmelotto/miniforge3/envs/ewatercycle_spider/lib/python3.12/site-packages/traitlets/config/application.py", line 1074, in launch_instance
    app.initialize(argv)
  File "/home/ewater-mmelotto/miniforge3/envs/ewatercycle_spider/lib/python3.12/site-packages/traitlets/config/application.py", line 118, in inner
    return method(app, *args, **kwargs)
           ^^^^^^^^^^^^^^^^^^^^^^^^^^^^
  File "/home/ewater-mmelotto/miniforge3/envs/ewatercycle_spider/lib/python3.12/site-packages/ipykernel/kernelapp.py", line 726, in initialize
    self.init_kernel()
  File "/home/ewater-mmelotto/miniforge3/envs/ewatercycle_spider/lib/python3.12/site-packages/ipykernel/kernelapp.py", line 573, in init_kernel
    kernel = kernel_factory(
             ^^^^^^^^^^^^^^^
  File "/home/ewater-mmelotto/miniforge3/envs/ewatercycle_spider/lib/python3.12/site-packages/traitlets/config/configurable.py", line 583, in instance
    inst = cls(*args, **kwargs)
           ^^^^^^^^^^^^^^^^^^^^
  File "/home/ewater-mmelotto/miniforge3/envs/ewatercycle_spider/lib/python3.12/site-packages/ipykernel/ipkernel.py", line 140, in __init__
    self.shell = self.shell_class.instance(
                 ^^^^^^^^^^^^^^^^^^^^^^^^^^
  File "/home/ewater-mmelotto/miniforge3/envs/ewatercycle_spider/lib/python3.12/site-packages/traitlets/config/configurable.py", line 583, in instance
    inst = cls(*args, **kwargs)
           ^^^^^^^^^^^^^^^^^^^^
  File "/home/ewater-mmelotto/miniforge3/envs/ewatercycle_spider/lib/python3.12/site-packages/ipykernel/zmqshell.py", line 518, in __init__
    super().__init__(*args, **kwargs)
  File "/home/ewater-mmelotto/miniforge3/envs/ewatercycle_spider/lib/python3.12/site-packages/IPython/core/interactiveshell.py", line 654, in __init__
    self.init_history()
  File "/home/ewater-mmelotto/miniforge3/envs/ewatercycle_spider/lib/python3.12/site-packages/IPython/core/interactiveshell.py", line 1953, in init_history
    self.history_manager = HistoryManager(shell=self, parent=self)
                           ^^^^^^^^^^^^^^^^^^^^^^^^^^^^^^^^^^^^^^^
  File "/home/ewater-mmelotto/miniforge3/envs/ewatercycle_spider/lib/python3.12/site-packages/IPython/core/history.py", line 688, in __init__
    super().__init__(shell=shell, config=config, **traits)
  File "/home/ewater-mmelotto/miniforge3/envs/ewatercycle_spider/lib/python3.12/site-packages/IPython/core/history.py", line 305, in __init__
    self.init_db()
  File "/home/ewater-mmelotto/miniforge3/envs/ewatercycle_spider/lib/python3.12/site-packages/decorator.py", line 235, in fun
    return caller(func, *(extras + args), **kw)
           ^^^^^^^^^^^^^^^^^^^^^^^^^^^^^^^^^^^^
  File "/home/ewater-mmelotto/miniforge3/envs/ewatercycle_spider/lib/python3.12/site-packages/IPython/core/history.py", line 156, in catch_corrupt_db
    self.hist_file.rename(newpath)
  File "/home/ewater-mmelotto/miniforge3/envs/ewatercycle_spider/lib/python3.12/pathlib.py", line 1363, in rename
    os.rename(self, target)
FileNotFoundError: [Errno 2] No such file or directory: '/home/ewater-mmelotto/.ipython/profile_default/history.sqlite' -> '/home/ewater-mmelotto/.ipython/profile_default/history-corrupt-2026-04-29T15.08.53.067246+00.00.sqlite'
Error occurred while starting new kernel client for kernel 02e12301-ead0-4157-be83-967231e25bd9: Kernel died before replying to kernel_info
Executing:   0%|          | 0/23 [00:10<?, ?cell/s]
Traceback (most recent call last):
  File "/home/ewater-mmelotto/seamless_spider/climatechangeimpact/scripts/cci.py", line 105, in <module>
    pm.execute_notebook(
  File "/home/ewater-mmelotto/miniforge3/envs/ewatercycle_spider/lib/python3.12/site-packages/papermill/execute.py", line 116, in execute_notebook
    nb = papermill_engines.execute_notebook_with_engine(
         ^^^^^^^^^^^^^^^^^^^^^^^^^^^^^^^^^^^^^^^^^^^^^^^
  File "/home/ewater-mmelotto/miniforge3/envs/ewatercycle_spider/lib/python3.12/site-packages/papermill/engines.py", line 48, in execute_notebook_with_engine
    return self.get_engine(engine_name).execute_notebook(nb, kernel_name, **kwargs)
           ^^^^^^^^^^^^^^^^^^^^^^^^^^^^^^^^^^^^^^^^^^^^^^^^^^^^^^^^^^^^^^^^^^^^^^^^
  File "/home/ewater-mmelotto/miniforge3/envs/ewatercycle_spider/lib/python3.12/site-packages/papermill/engines.py", line 370, in execute_notebook
    cls.execute_managed_notebook(nb_man, kernel_name, log_output=log_output, **kwargs)
  File "/home/ewater-mmelotto/miniforge3/envs/ewatercycle_spider/lib/python3.12/site-packages/papermill/engines.py", line 442, in execute_managed_notebook
    return PapermillNotebookClient(nb_man, **final_kwargs).execute()
           ^^^^^^^^^^^^^^^^^^^^^^^^^^^^^^^^^^^^^^^^^^^^^^^^^^^^^^^^^
  File "/home/ewater-mmelotto/miniforge3/envs/ewatercycle_spider/lib/python3.12/site-packages/papermill/clientwrap.py", line 43, in execute
    with self.setup_kernel(**kwargs):
         ^^^^^^^^^^^^^^^^^^^^^^^^^^^
  File "/home/ewater-mmelotto/miniforge3/envs/ewatercycle_spider/lib/python3.12/contextlib.py", line 137, in __enter__
    return next(self.gen)
           ^^^^^^^^^^^^^^
  File "/home/ewater-mmelotto/miniforge3/envs/ewatercycle_spider/lib/python3.12/site-packages/nbclient/client.py", line 603, in setup_kernel
    self.start_new_kernel_client()
  File "/home/ewater-mmelotto/miniforge3/envs/ewatercycle_spider/lib/python3.12/site-packages/jupyter_core/utils/__init__.py", line 165, in wrapped
    return loop.run_until_complete(inner)
           ^^^^^^^^^^^^^^^^^^^^^^^^^^^^^^
  File "/home/ewater-mmelotto/miniforge3/envs/ewatercycle_spider/lib/python3.12/asyncio/base_events.py", line 687, in run_until_complete
    return future.result()
           ^^^^^^^^^^^^^^^
  File "/home/ewater-mmelotto/miniforge3/envs/ewatercycle_spider/lib/python3.12/site-packages/nbclient/client.py", line 566, in async_start_new_kernel_client
    await ensure_async(self.kc.wait_for_ready(timeout=self.startup_timeout))
  File "/home/ewater-mmelotto/miniforge3/envs/ewatercycle_spider/lib/python3.12/site-packages/jupyter_core/utils/__init__.py", line 214, in ensure_async
    result = await obj
             ^^^^^^^^^
  File "/home/ewater-mmelotto/miniforge3/envs/ewatercycle_spider/lib/python3.12/site-packages/jupyter_client/client.py", line 204, in _async_wait_for_ready
    raise RuntimeError(msg)
RuntimeError: Kernel died before replying to kernel_info
