2026/04/29 17:36:18 CRITICAL: Failed to create file system for "dcache:/climate-data/obs6": read metadata failed: Propfind "https://webdav.grid.surfsara.nl:2880/climate-data/obs6": EOF
2026/04/29 17:36:18 CRITICAL: Failed to create file system for "dcache:/climate-data/caravan": read metadata failed: Propfind "https://webdav.grid.surfsara.nl:2880/climate-data/caravan": EOF
2026/04/29 17:36:18 CRITICAL: Failed to create file system for "dcache:/climate-data/obs6": read metadata failed: Propfind "https://webdav.grid.surfsara.nl:2880/climate-data/obs6": EOF
Executing:   0%|          | 0/23 [00:00<?, ?cell/s][IPKernelApp] ERROR | Failed to create history session in /home/ewater-mmelotto/.ipython/profile_default/history.sqlite. History will not be saved.
Traceback (most recent call last):
  File "/home/ewater-mmelotto/miniforge3/envs/ewatercycle_spider/lib/python3.12/site-packages/IPython/core/history.py", line 693, in __init__
    self.new_session()
  File "/home/ewater-mmelotto/miniforge3/envs/ewatercycle_spider/lib/python3.12/site-packages/decorator.py", line 235, in fun
    return caller(func, *(extras + args), **kw)
           ^^^^^^^^^^^^^^^^^^^^^^^^^^^^^^^^^^^^
  File "/home/ewater-mmelotto/miniforge3/envs/ewatercycle_spider/lib/python3.12/site-packages/IPython/core/history.py", line 105, in only_when_enabled
    return f(self, *a, **kw)
           ^^^^^^^^^^^^^^^^^
  File "/home/ewater-mmelotto/miniforge3/envs/ewatercycle_spider/lib/python3.12/site-packages/IPython/core/history.py", line 755, in new_session
    cur = conn.execute(
          ^^^^^^^^^^^^^
sqlite3.OperationalError: database is locked
Executing:   4%|▍         | 1/23 [00:20<07:23, 20.14s/cell]Executing:   9%|▊         | 2/23 [00:33<05:38, 16.13s/cell]Executing:  13%|█▎        | 3/23 [01:27<11:10, 33.54s/cell]Executing:  39%|███▉      | 9/23 [01:27<01:35,  6.84s/cell]Executing:  70%|██████▉   | 16/23 [01:27<00:20,  2.95s/cell]Executing:  96%|█████████▌| 22/23 [01:37<00:02,  2.39s/cell]Executing: 100%|██████████| 23/23 [01:40<00:00,  4.35s/cell]
Executing:   0%|          | 0/23 [00:00<?, ?cell/s][IPKernelApp] ERROR | Failed to create history session in /home/ewater-mmelotto/.ipython/profile_default/history.sqlite. History will not be saved.
Traceback (most recent call last):
  File "/home/ewater-mmelotto/miniforge3/envs/ewatercycle_spider/lib/python3.12/site-packages/IPython/core/history.py", line 693, in __init__
    self.new_session()
  File "/home/ewater-mmelotto/miniforge3/envs/ewatercycle_spider/lib/python3.12/site-packages/decorator.py", line 235, in fun
    return caller(func, *(extras + args), **kw)
           ^^^^^^^^^^^^^^^^^^^^^^^^^^^^^^^^^^^^
  File "/home/ewater-mmelotto/miniforge3/envs/ewatercycle_spider/lib/python3.12/site-packages/IPython/core/history.py", line 105, in only_when_enabled
    return f(self, *a, **kw)
           ^^^^^^^^^^^^^^^^^
  File "/home/ewater-mmelotto/miniforge3/envs/ewatercycle_spider/lib/python3.12/site-packages/IPython/core/history.py", line 755, in new_session
    cur = conn.execute(
          ^^^^^^^^^^^^^
sqlite3.OperationalError: database is locked
Executing:   4%|▍         | 1/23 [00:07<02:38,  7.21s/cell]Executing:   9%|▊         | 2/23 [00:12<02:08,  6.11s/cell]Executing:  22%|██▏       | 5/23 [00:12<00:31,  1.76s/cell]Executing:  39%|███▉      | 9/23 [00:12<00:10,  1.30cell/s]Executing:  48%|████▊     | 11/23 [00:13<00:07,  1.50cell/s]Executing:  61%|██████    | 14/23 [00:13<00:03,  2.31cell/s]Executing:  74%|███████▍  | 17/23 [00:13<00:01,  3.36cell/s]Executing:  83%|████████▎ | 19/23 [00:14<00:01,  3.55cell/s]Executing:  91%|█████████▏| 21/23 [00:16<00:00,  2.36cell/s][2026-04-30T01:36:22.011] error: *** JOB 35347474 ON wn-dc-05 CANCELLED AT 2026-04-30T01:36:22 DUE TO TIME LIMIT ***
