Executing:   0%|          | 0/23 [00:00<?, ?cell/s][IPKernelApp] ERROR | Failed to open SQLite history /home/ewater-mmelotto/.ipython/profile_default/history.sqlite (database is locked).
[IPKernelApp] ERROR | History file was moved to /home/ewater-mmelotto/.ipython/profile_default/history-corrupt-2026-05-01T23.27.52.635640+00.00.sqlite and a new file created.
Error occurred while starting new kernel client for kernel f97b6ebd-98e7-4f3d-ab9d-998c58b662ff: Kernel didn't respond in 60 seconds
Executing:   0%|          | 0/23 [01:14<?, ?cell/s]
Traceback (most recent call last):
  File "/home/ewater-mmelotto/seamless_spider/climatechangeimpact/scripts/cci.py", line 105, in <module>
    pm.execute_notebook(
  File "/home/ewater-mmelotto/miniforge3/envs/ewatercycle_spider/lib/python3.12/site-packages/papermill/execute.py", line 116, in execute_notebook
    nb = papermill_engines.execute_notebook_with_engine(
         ^^^^^^^^^^^^^^^^^^^^^^^^^^^^^^^^^^^^^^^^^^^^^^^
  File "/home/ewater-mmelotto/miniforge3/envs/ewatercycle_spider/lib/python3.12/site-packages/papermill/engines.py", line 48, in execute_notebook_with_engine
    return self.get_engine(engine_name).execute_notebook(nb, kernel_name, **kwargs)
           ^^^^^^^^^^^^^^^^^^^^^^^^^^^^^^^^^^^^^^^^^^^^^^^^^^^^^^^^^^^^^^^^^^^^^^^^
  File "/home/ewater-mmelotto/miniforge3/envs/ewatercycle_spider/lib/python3.12/site-packages/papermill/engines.py", line 370, in execute_notebook
    cls.execute_managed_notebook(nb_man, kernel_name, log_output=log_output, **kwargs)
  File "/home/ewater-mmelotto/miniforge3/envs/ewatercycle_spider/lib/python3.12/site-packages/papermill/engines.py", line 442, in execute_managed_notebook
    return PapermillNotebookClient(nb_man, **final_kwargs).execute()
           ^^^^^^^^^^^^^^^^^^^^^^^^^^^^^^^^^^^^^^^^^^^^^^^^^^^^^^^^^
  File "/home/ewater-mmelotto/miniforge3/envs/ewatercycle_spider/lib/python3.12/site-packages/papermill/clientwrap.py", line 43, in execute
    with self.setup_kernel(**kwargs):
         ^^^^^^^^^^^^^^^^^^^^^^^^^^^
  File "/home/ewater-mmelotto/miniforge3/envs/ewatercycle_spider/lib/python3.12/contextlib.py", line 137, in __enter__
    return next(self.gen)
           ^^^^^^^^^^^^^^
  File "/home/ewater-mmelotto/miniforge3/envs/ewatercycle_spider/lib/python3.12/site-packages/nbclient/client.py", line 603, in setup_kernel
    self.start_new_kernel_client()
  File "/home/ewater-mmelotto/miniforge3/envs/ewatercycle_spider/lib/python3.12/site-packages/jupyter_core/utils/__init__.py", line 165, in wrapped
    return loop.run_until_complete(inner)
           ^^^^^^^^^^^^^^^^^^^^^^^^^^^^^^
  File "/home/ewater-mmelotto/miniforge3/envs/ewatercycle_spider/lib/python3.12/asyncio/base_events.py", line 687, in run_until_complete
    return future.result()
           ^^^^^^^^^^^^^^^
  File "/home/ewater-mmelotto/miniforge3/envs/ewatercycle_spider/lib/python3.12/site-packages/nbclient/client.py", line 566, in async_start_new_kernel_client
    await ensure_async(self.kc.wait_for_ready(timeout=self.startup_timeout))
  File "/home/ewater-mmelotto/miniforge3/envs/ewatercycle_spider/lib/python3.12/site-packages/jupyter_core/utils/__init__.py", line 214, in ensure_async
    result = await obj
             ^^^^^^^^^
  File "/home/ewater-mmelotto/miniforge3/envs/ewatercycle_spider/lib/python3.12/site-packages/jupyter_client/client.py", line 208, in _async_wait_for_ready
    raise RuntimeError("Kernel didn't respond in %d seconds" % timeout)
RuntimeError: Kernel didn't respond in 60 seconds
