Executing:   0%|          | 0/23 [00:00<?, ?cell/s]Executing:   4%|▍         | 1/23 [00:58<21:23, 58.34s/cell]Executing:   9%|▊         | 2/23 [02:03<21:50, 62.39s/cell]Executing:  13%|█▎        | 3/23 [05:14<40:25, 121.25s/cell]Executing:  22%|██▏       | 5/23 [05:16<15:56, 53.13s/cell] Executing:  30%|███       | 7/23 [05:17<07:52, 29.50s/cell]Executing:  35%|███▍      | 8/23 [05:17<05:36, 22.45s/cell]Executing:  43%|████▎     | 10/23 [05:17<02:53, 13.32s/cell]Executing:  52%|█████▏    | 12/23 [05:18<01:32,  8.45s/cell]Executing:  61%|██████    | 14/23 [05:18<00:50,  5.59s/cell]Executing:  70%|██████▉   | 16/23 [05:18<00:26,  3.81s/cell]Executing:  74%|███████▍  | 17/23 [05:18<00:18,  3.11s/cell]Executing:  78%|███████▊  | 18/23 [05:19<00:12,  2.49s/cell]Executing:  83%|████████▎ | 19/23 [05:49<00:36,  9.12s/cell]Executing:  96%|█████████▌| 22/23 [05:57<00:05,  5.72s/cell]Executing: 100%|██████████| 23/23 [05:59<00:00, 15.64s/cell]
Executing:   0%|          | 0/23 [00:00<?, ?cell/s]Error occurred while starting new kernel client for kernel a45164f4-785e-4e40-97d1-3c2f062cc29b: Kernel didn't respond in 60 seconds
Executing:   0%|          | 0/23 [01:03<?, ?cell/s]
Traceback (most recent call last):
  File "/home/ewater-mmelotto/seamless_spider/climatechangeimpact/scripts/cci.py", line 151, in <module>
    pm.execute_notebook(
  File "/home/ewater-mmelotto/miniforge3/envs/ewatercycle_spider/lib/python3.12/site-packages/papermill/execute.py", line 116, in execute_notebook
    nb = papermill_engines.execute_notebook_with_engine(
         ^^^^^^^^^^^^^^^^^^^^^^^^^^^^^^^^^^^^^^^^^^^^^^^
  File "/home/ewater-mmelotto/miniforge3/envs/ewatercycle_spider/lib/python3.12/site-packages/papermill/engines.py", line 48, in execute_notebook_with_engine
    return self.get_engine(engine_name).execute_notebook(nb, kernel_name, **kwargs)
           ^^^^^^^^^^^^^^^^^^^^^^^^^^^^^^^^^^^^^^^^^^^^^^^^^^^^^^^^^^^^^^^^^^^^^^^^
  File "/home/ewater-mmelotto/miniforge3/envs/ewatercycle_spider/lib/python3.12/site-packages/papermill/engines.py", line 370, in execute_notebook
    cls.execute_managed_notebook(nb_man, kernel_name, log_output=log_output, **kwargs)
  File "/home/ewater-mmelotto/miniforge3/envs/ewatercycle_spider/lib/python3.12/site-packages/papermill/engines.py", line 442, in execute_managed_notebook
    return PapermillNotebookClient(nb_man, **final_kwargs).execute()
           ^^^^^^^^^^^^^^^^^^^^^^^^^^^^^^^^^^^^^^^^^^^^^^^^^^^^^^^^^
  File "/home/ewater-mmelotto/miniforge3/envs/ewatercycle_spider/lib/python3.12/site-packages/papermill/clientwrap.py", line 43, in execute
    with self.setup_kernel(**kwargs):
         ^^^^^^^^^^^^^^^^^^^^^^^^^^^
  File "/home/ewater-mmelotto/miniforge3/envs/ewatercycle_spider/lib/python3.12/contextlib.py", line 137, in __enter__
    return next(self.gen)
           ^^^^^^^^^^^^^^
  File "/home/ewater-mmelotto/miniforge3/envs/ewatercycle_spider/lib/python3.12/site-packages/nbclient/client.py", line 603, in setup_kernel
    self.start_new_kernel_client()
  File "/home/ewater-mmelotto/miniforge3/envs/ewatercycle_spider/lib/python3.12/site-packages/jupyter_core/utils/__init__.py", line 165, in wrapped
    return loop.run_until_complete(inner)
           ^^^^^^^^^^^^^^^^^^^^^^^^^^^^^^
  File "/home/ewater-mmelotto/miniforge3/envs/ewatercycle_spider/lib/python3.12/asyncio/base_events.py", line 687, in run_until_complete
    return future.result()
           ^^^^^^^^^^^^^^^
  File "/home/ewater-mmelotto/miniforge3/envs/ewatercycle_spider/lib/python3.12/site-packages/nbclient/client.py", line 566, in async_start_new_kernel_client
    await ensure_async(self.kc.wait_for_ready(timeout=self.startup_timeout))
  File "/home/ewater-mmelotto/miniforge3/envs/ewatercycle_spider/lib/python3.12/site-packages/jupyter_core/utils/__init__.py", line 214, in ensure_async
    result = await obj
             ^^^^^^^^^
  File "/home/ewater-mmelotto/miniforge3/envs/ewatercycle_spider/lib/python3.12/site-packages/jupyter_client/client.py", line 208, in _async_wait_for_ready
    raise RuntimeError("Kernel didn't respond in %d seconds" % timeout)
RuntimeError: Kernel didn't respond in 60 seconds
