Executing:   0%|          | 0/23 [00:00<?, ?cell/s]Executing:   4%|▍         | 1/23 [00:26<09:49, 26.78s/cell]Executing:   9%|▊         | 2/23 [01:02<11:07, 31.79s/cell]Executing:  13%|█▎        | 3/23 [02:45<21:30, 64.55s/cell]Executing:  17%|█▋        | 4/23 [02:45<12:24, 39.16s/cell]Executing:  22%|██▏       | 5/23 [02:46<07:32, 25.12s/cell]Executing:  43%|████▎     | 10/23 [02:46<01:31,  7.07s/cell]Executing:  52%|█████▏    | 12/23 [02:46<00:55,  5.03s/cell]Executing:  61%|██████    | 14/23 [02:47<00:32,  3.63s/cell]Executing:  65%|██████▌   | 15/23 [02:47<00:24,  3.07s/cell]Executing:  70%|██████▉   | 16/23 [02:47<00:17,  2.55s/cell]Executing:  74%|███████▍  | 17/23 [02:48<00:12,  2.04s/cell]Executing:  78%|███████▊  | 18/23 [02:48<00:08,  1.64s/cell]Executing:  83%|████████▎ | 19/23 [03:03<00:20,  5.12s/cell]Executing:  87%|████████▋ | 20/23 [03:03<00:11,  3.79s/cell]Executing:  96%|█████████▌| 22/23 [03:06<00:02,  2.61s/cell]Executing: 100%|██████████| 23/23 [03:08<00:00,  8.18s/cell]
Executing:   0%|          | 0/23 [00:00<?, ?cell/s]Error occurred while starting new kernel client for kernel f9e3cf3b-9dde-4682-9d4d-c5698ffd6627: Kernel didn't respond in 60 seconds
Executing:   0%|          | 0/23 [01:02<?, ?cell/s]
Traceback (most recent call last):
  File "/home/ewater-mmelotto/seamless_spider/climatechangeimpact/scripts/cci.py", line 151, in <module>
    pm.execute_notebook(
  File "/home/ewater-mmelotto/miniforge3/envs/ewatercycle_spider/lib/python3.12/site-packages/papermill/execute.py", line 116, in execute_notebook
    nb = papermill_engines.execute_notebook_with_engine(
         ^^^^^^^^^^^^^^^^^^^^^^^^^^^^^^^^^^^^^^^^^^^^^^^
  File "/home/ewater-mmelotto/miniforge3/envs/ewatercycle_spider/lib/python3.12/site-packages/papermill/engines.py", line 48, in execute_notebook_with_engine
    return self.get_engine(engine_name).execute_notebook(nb, kernel_name, **kwargs)
           ^^^^^^^^^^^^^^^^^^^^^^^^^^^^^^^^^^^^^^^^^^^^^^^^^^^^^^^^^^^^^^^^^^^^^^^^
  File "/home/ewater-mmelotto/miniforge3/envs/ewatercycle_spider/lib/python3.12/site-packages/papermill/engines.py", line 370, in execute_notebook
    cls.execute_managed_notebook(nb_man, kernel_name, log_output=log_output, **kwargs)
  File "/home/ewater-mmelotto/miniforge3/envs/ewatercycle_spider/lib/python3.12/site-packages/papermill/engines.py", line 442, in execute_managed_notebook
    return PapermillNotebookClient(nb_man, **final_kwargs).execute()
           ^^^^^^^^^^^^^^^^^^^^^^^^^^^^^^^^^^^^^^^^^^^^^^^^^^^^^^^^^
  File "/home/ewater-mmelotto/miniforge3/envs/ewatercycle_spider/lib/python3.12/site-packages/papermill/clientwrap.py", line 43, in execute
    with self.setup_kernel(**kwargs):
         ^^^^^^^^^^^^^^^^^^^^^^^^^^^
  File "/home/ewater-mmelotto/miniforge3/envs/ewatercycle_spider/lib/python3.12/contextlib.py", line 137, in __enter__
    return next(self.gen)
           ^^^^^^^^^^^^^^
  File "/home/ewater-mmelotto/miniforge3/envs/ewatercycle_spider/lib/python3.12/site-packages/nbclient/client.py", line 603, in setup_kernel
    self.start_new_kernel_client()
  File "/home/ewater-mmelotto/miniforge3/envs/ewatercycle_spider/lib/python3.12/site-packages/jupyter_core/utils/__init__.py", line 165, in wrapped
    return loop.run_until_complete(inner)
           ^^^^^^^^^^^^^^^^^^^^^^^^^^^^^^
  File "/home/ewater-mmelotto/miniforge3/envs/ewatercycle_spider/lib/python3.12/asyncio/base_events.py", line 687, in run_until_complete
    return future.result()
           ^^^^^^^^^^^^^^^
  File "/home/ewater-mmelotto/miniforge3/envs/ewatercycle_spider/lib/python3.12/site-packages/nbclient/client.py", line 566, in async_start_new_kernel_client
    await ensure_async(self.kc.wait_for_ready(timeout=self.startup_timeout))
  File "/home/ewater-mmelotto/miniforge3/envs/ewatercycle_spider/lib/python3.12/site-packages/jupyter_core/utils/__init__.py", line 214, in ensure_async
    result = await obj
             ^^^^^^^^^
  File "/home/ewater-mmelotto/miniforge3/envs/ewatercycle_spider/lib/python3.12/site-packages/jupyter_client/client.py", line 208, in _async_wait_for_ready
    raise RuntimeError("Kernel didn't respond in %d seconds" % timeout)
RuntimeError: Kernel didn't respond in 60 seconds
