Executing:   0%|          | 0/23 [00:00<?, ?cell/s][IPKernelApp] ERROR | Failed to create history session in /home/ewater-mmelotto/.ipython/profile_default/history.sqlite. History will not be saved.
Traceback (most recent call last):
  File "/home/ewater-mmelotto/miniforge3/envs/ewatercycle_spider/lib/python3.12/site-packages/IPython/core/history.py", line 693, in __init__
    self.new_session()
  File "/home/ewater-mmelotto/miniforge3/envs/ewatercycle_spider/lib/python3.12/site-packages/decorator.py", line 235, in fun
    return caller(func, *(extras + args), **kw)
           ^^^^^^^^^^^^^^^^^^^^^^^^^^^^^^^^^^^^
  File "/home/ewater-mmelotto/miniforge3/envs/ewatercycle_spider/lib/python3.12/site-packages/IPython/core/history.py", line 105, in only_when_enabled
    return f(self, *a, **kw)
           ^^^^^^^^^^^^^^^^^
  File "/home/ewater-mmelotto/miniforge3/envs/ewatercycle_spider/lib/python3.12/site-packages/IPython/core/history.py", line 755, in new_session
    cur = conn.execute(
          ^^^^^^^^^^^^^
sqlite3.OperationalError: database is locked
Executing:   4%|▍         | 1/23 [00:07<02:46,  7.58s/cell]Executing:   9%|▊         | 2/23 [00:09<01:23,  3.96s/cell]Executing:  13%|█▎        | 3/23 [00:14<01:31,  4.59s/cell]Executing:  39%|███▉      | 9/23 [00:14<00:13,  1.06cell/s]Executing:  65%|██████▌   | 15/23 [00:14<00:03,  2.21cell/s]Executing:  83%|████████▎ | 19/23 [00:15<00:01,  2.54cell/s]Executing:  96%|█████████▌| 22/23 [00:16<00:00,  2.87cell/s]Executing: 100%|██████████| 23/23 [00:18<00:00,  1.21cell/s]
Executing:   0%|          | 0/23 [00:00<?, ?cell/s][IPKernelApp] ERROR | Failed to create history session in /home/ewater-mmelotto/.ipython/profile_default/history.sqlite. History will not be saved.
Traceback (most recent call last):
  File "/home/ewater-mmelotto/miniforge3/envs/ewatercycle_spider/lib/python3.12/site-packages/IPython/core/history.py", line 693, in __init__
    self.new_session()
  File "/home/ewater-mmelotto/miniforge3/envs/ewatercycle_spider/lib/python3.12/site-packages/decorator.py", line 235, in fun
    return caller(func, *(extras + args), **kw)
           ^^^^^^^^^^^^^^^^^^^^^^^^^^^^^^^^^^^^
  File "/home/ewater-mmelotto/miniforge3/envs/ewatercycle_spider/lib/python3.12/site-packages/IPython/core/history.py", line 105, in only_when_enabled
    return f(self, *a, **kw)
           ^^^^^^^^^^^^^^^^^
  File "/home/ewater-mmelotto/miniforge3/envs/ewatercycle_spider/lib/python3.12/site-packages/IPython/core/history.py", line 755, in new_session
    cur = conn.execute(
          ^^^^^^^^^^^^^
sqlite3.OperationalError: database is locked
Executing:   4%|▍         | 1/23 [00:07<02:44,  7.47s/cell]Executing:   9%|▊         | 2/23 [00:13<02:22,  6.76s/cell]Executing:  30%|███       | 7/23 [00:13<00:21,  1.32s/cell]Executing:  43%|████▎     | 10/23 [00:13<00:10,  1.26cell/s]Executing:  57%|█████▋    | 13/23 [00:15<00:06,  1.48cell/s]Executing:  74%|███████▍  | 17/23 [00:15<00:02,  2.44cell/s]Executing:  83%|████████▎ | 19/23 [00:16<00:01,  2.58cell/s]Executing:  91%|█████████▏| 21/23 [00:16<00:00,  2.82cell/s]Executing:  91%|█████████▏| 21/23 [00:31<00:00,  2.82cell/s][2026-04-30T04:15:59.051] error: *** JOB 35349279 ON wn-la-17 CANCELLED AT 2026-04-30T04:15:59 DUE TO TIME LIMIT ***
