Executing:   0%|          | 0/23 [00:00<?, ?cell/s]2026/04/29 19:37:59 CRITICAL: Failed to create file system for "dcache:/climate-data/obs6": read metadata failed: Propfind "https://webdav.grid.surfsara.nl:2880/climate-data/obs6": EOF
2026/04/29 19:37:59 CRITICAL: Failed to create file system for "dcache:/climate-data/obs6": read metadata failed: Propfind "https://webdav.grid.surfsara.nl:2880/climate-data/obs6": EOF
2026/04/29 19:37:59 CRITICAL: Failed to create file system for "dcache:/climate-data/caravan": read metadata failed: Propfind "https://webdav.grid.surfsara.nl:2880/climate-data/caravan": EOF
[IPKernelApp] ERROR | Failed to create history session in /home/ewater-mmelotto/.ipython/profile_default/history.sqlite. History will not be saved.
Traceback (most recent call last):
  File "/home/ewater-mmelotto/miniforge3/envs/ewatercycle_spider/lib/python3.12/site-packages/IPython/core/history.py", line 693, in __init__
    self.new_session()
  File "/home/ewater-mmelotto/miniforge3/envs/ewatercycle_spider/lib/python3.12/site-packages/decorator.py", line 235, in fun
    return caller(func, *(extras + args), **kw)
           ^^^^^^^^^^^^^^^^^^^^^^^^^^^^^^^^^^^^
  File "/home/ewater-mmelotto/miniforge3/envs/ewatercycle_spider/lib/python3.12/site-packages/IPython/core/history.py", line 105, in only_when_enabled
    return f(self, *a, **kw)
           ^^^^^^^^^^^^^^^^^
  File "/home/ewater-mmelotto/miniforge3/envs/ewatercycle_spider/lib/python3.12/site-packages/IPython/core/history.py", line 755, in new_session
    cur = conn.execute(
          ^^^^^^^^^^^^^
sqlite3.OperationalError: database is locked
Executing:   4%|▍         | 1/23 [00:08<03:12,  8.73s/cell]Executing:   9%|▊         | 2/23 [00:10<01:36,  4.61s/cell]Executing:  13%|█▎        | 3/23 [00:18<02:00,  6.02s/cell]Executing:  39%|███▉      | 9/23 [00:18<00:17,  1.24s/cell]Executing:  61%|██████    | 14/23 [00:18<00:05,  1.55cell/s]Executing:  78%|███████▊  | 18/23 [00:18<00:02,  2.34cell/s]Executing:  96%|█████████▌| 22/23 [00:20<00:00,  2.34cell/s]Executing: 100%|██████████| 23/23 [00:22<00:00,  1.01cell/s]
Executing:   0%|          | 0/23 [00:00<?, ?cell/s][IPKernelApp] ERROR | Failed to create history session in /home/ewater-mmelotto/.ipython/profile_default/history.sqlite. History will not be saved.
Traceback (most recent call last):
  File "/home/ewater-mmelotto/miniforge3/envs/ewatercycle_spider/lib/python3.12/site-packages/IPython/core/history.py", line 693, in __init__
    self.new_session()
  File "/home/ewater-mmelotto/miniforge3/envs/ewatercycle_spider/lib/python3.12/site-packages/decorator.py", line 235, in fun
    return caller(func, *(extras + args), **kw)
           ^^^^^^^^^^^^^^^^^^^^^^^^^^^^^^^^^^^^
  File "/home/ewater-mmelotto/miniforge3/envs/ewatercycle_spider/lib/python3.12/site-packages/IPython/core/history.py", line 105, in only_when_enabled
    return f(self, *a, **kw)
           ^^^^^^^^^^^^^^^^^
  File "/home/ewater-mmelotto/miniforge3/envs/ewatercycle_spider/lib/python3.12/site-packages/IPython/core/history.py", line 755, in new_session
    cur = conn.execute(
          ^^^^^^^^^^^^^
sqlite3.OperationalError: database is locked
Executing:   4%|▍         | 1/23 [00:07<02:45,  7.55s/cell]Executing:   9%|▊         | 2/23 [00:16<02:54,  8.32s/cell]Executing:  17%|█▋        | 4/23 [00:16<00:59,  3.15s/cell]Executing:  39%|███▉      | 9/23 [00:16<00:13,  1.00cell/s]Executing:  48%|████▊     | 11/23 [00:18<00:10,  1.12cell/s]Executing:  70%|██████▉   | 16/23 [00:18<00:03,  2.19cell/s]Executing:  83%|████████▎ | 19/23 [00:18<00:01,  2.52cell/s]Executing:  91%|█████████▏| 21/23 [00:19<00:00,  2.76cell/s]Executing:  91%|█████████▏| 21/23 [00:37<00:00,  2.76cell/s][2026-04-30T03:37:57.020] error: *** JOB 35349123 ON wn-la-05 CANCELLED AT 2026-04-30T03:37:57 DUE TO TIME LIMIT ***
