Executing:   0%|          | 0/23 [00:00<?, ?cell/s]Executing:   4%|▍         | 1/23 [01:06<24:22, 66.49s/cell]Executing:   9%|▊         | 2/23 [02:32<27:18, 78.02s/cell]Executing:  13%|█▎        | 3/23 [07:01<55:01, 165.10s/cell]Executing:  17%|█▋        | 4/23 [07:01<31:41, 100.09s/cell]Executing:  22%|██▏       | 5/23 [07:02<19:15, 64.19s/cell] Executing:  30%|███       | 7/23 [07:03<08:30, 31.92s/cell]Executing:  39%|███▉      | 9/23 [07:03<04:19, 18.55s/cell]Executing:  43%|████▎     | 10/23 [07:04<03:06, 14.35s/cell]Executing:  61%|██████    | 14/23 [07:04<00:56,  6.26s/cell]Executing:  70%|██████▉   | 16/23 [07:04<00:31,  4.49s/cell]Executing:  74%|███████▍  | 17/23 [07:05<00:22,  3.77s/cell]Executing:  78%|███████▊  | 18/23 [07:06<00:16,  3.26s/cell]Executing:  83%|████████▎ | 19/23 [07:46<00:45, 11.47s/cell]Executing:  87%|████████▋ | 20/23 [07:47<00:26,  8.85s/cell]Executing:  91%|█████████▏| 21/23 [07:47<00:13,  6.68s/cell]Executing:  96%|█████████▌| 22/23 [07:51<00:06,  6.02s/cell]Executing: 100%|██████████| 23/23 [07:54<00:00, 20.63s/cell]
Executing:   0%|          | 0/23 [00:00<?, ?cell/s]Error occurred while starting new kernel client for kernel ab744668-eacb-4ff9-9d78-ecac23a783ae: Kernel didn't respond in 60 seconds
Traceback (most recent call last):
  File "/home/ewater-mmelotto/miniforge3/envs/ewatercycle_spider/lib/python3.12/runpy.py", line 198, in _run_module_as_main
    return _run_code(code, main_globals, None,
           ^^^^^^^^^^^^^^^^^^^^^^^^^^^^^^^^^^^
  File "/home/ewater-mmelotto/miniforge3/envs/ewatercycle_spider/lib/python3.12/runpy.py", line 88, in _run_code
    exec(code, run_globals)
  File "/home/ewater-mmelotto/miniforge3/envs/ewatercycle_spider/lib/python3.12/site-packages/ipykernel_launcher.py", line 16, in <module>
    from ipykernel import kernelapp as app
  File "/home/ewater-mmelotto/miniforge3/envs/ewatercycle_spider/lib/python3.12/site-packages/ipykernel/kernelapp.py", line 21, in <module>
    from IPython.core.application import (  # type:ignore[attr-defined]
  File "/home/ewater-mmelotto/miniforge3/envs/ewatercycle_spider/lib/python3.12/site-packages/IPython/__init__.py", line 57, in <module>
    from .terminal.embed import embed
  File "/home/ewater-mmelotto/miniforge3/envs/ewatercycle_spider/lib/python3.12/site-packages/IPython/terminal/embed.py", line 16, in <module>
    from IPython.terminal.interactiveshell import TerminalInteractiveShell
  File "/home/ewater-mmelotto/miniforge3/envs/ewatercycle_spider/lib/python3.12/site-packages/IPython/terminal/interactiveshell.py", line 49, in <module>
    from .debugger import TerminalPdb, Pdb
  File "/home/ewater-mmelotto/miniforge3/envs/ewatercycle_spider/lib/python3.12/site-packages/IPython/terminal/debugger.py", line 6, in <module>
    from IPython.core.completer import IPCompleter
  File "/home/ewater-mmelotto/miniforge3/envs/ewatercycle_spider/lib/python3.12/site-packages/IPython/core/completer.py", line 254, in <module>
    import jedi
  File "/home/ewater-mmelotto/miniforge3/envs/ewatercycle_spider/lib/python3.12/site-packages/jedi/__init__.py", line 32, in <module>
    from jedi.api import Script, Interpreter, set_debug_function, preload_module
  File "/home/ewater-mmelotto/miniforge3/envs/ewatercycle_spider/lib/python3.12/site-packages/jedi/api/__init__.py", line 21, in <module>
    from jedi.api import classes
  File "/home/ewater-mmelotto/miniforge3/envs/ewatercycle_spider/lib/python3.12/site-packages/jedi/api/classes.py", line 31, in <module>
    from jedi.api.keywords import KeywordName
  File "/home/ewater-mmelotto/miniforge3/envs/ewatercycle_spider/lib/python3.12/site-packages/jedi/api/keywords.py", line 8, in <module>
    from pydoc_data import topics
  File "<frozen importlib._bootstrap>", line 1360, in _find_and_load
  File "<frozen importlib._bootstrap>", line 1331, in _find_and_load_unlocked
  File "<frozen importlib._bootstrap>", line 935, in _load_unlocked
  File "<frozen importlib._bootstrap_external>", line 991, in exec_module
  File "<frozen importlib._bootstrap_external>", line 1087, in get_code
  File "<frozen importlib._bootstrap_external>", line 1187, in get_data
KeyboardInterrupt
Executing:   0%|          | 0/23 [01:02<?, ?cell/s]
Traceback (most recent call last):
  File "/home/ewater-mmelotto/seamless_spider/climatechangeimpact/scripts/cci.py", line 151, in <module>
    pm.execute_notebook(
  File "/home/ewater-mmelotto/miniforge3/envs/ewatercycle_spider/lib/python3.12/site-packages/papermill/execute.py", line 116, in execute_notebook
    nb = papermill_engines.execute_notebook_with_engine(
         ^^^^^^^^^^^^^^^^^^^^^^^^^^^^^^^^^^^^^^^^^^^^^^^
  File "/home/ewater-mmelotto/miniforge3/envs/ewatercycle_spider/lib/python3.12/site-packages/papermill/engines.py", line 48, in execute_notebook_with_engine
    return self.get_engine(engine_name).execute_notebook(nb, kernel_name, **kwargs)
           ^^^^^^^^^^^^^^^^^^^^^^^^^^^^^^^^^^^^^^^^^^^^^^^^^^^^^^^^^^^^^^^^^^^^^^^^
  File "/home/ewater-mmelotto/miniforge3/envs/ewatercycle_spider/lib/python3.12/site-packages/papermill/engines.py", line 370, in execute_notebook
    cls.execute_managed_notebook(nb_man, kernel_name, log_output=log_output, **kwargs)
  File "/home/ewater-mmelotto/miniforge3/envs/ewatercycle_spider/lib/python3.12/site-packages/papermill/engines.py", line 442, in execute_managed_notebook
    return PapermillNotebookClient(nb_man, **final_kwargs).execute()
           ^^^^^^^^^^^^^^^^^^^^^^^^^^^^^^^^^^^^^^^^^^^^^^^^^^^^^^^^^
  File "/home/ewater-mmelotto/miniforge3/envs/ewatercycle_spider/lib/python3.12/site-packages/papermill/clientwrap.py", line 43, in execute
    with self.setup_kernel(**kwargs):
         ^^^^^^^^^^^^^^^^^^^^^^^^^^^
  File "/home/ewater-mmelotto/miniforge3/envs/ewatercycle_spider/lib/python3.12/contextlib.py", line 137, in __enter__
    return next(self.gen)
           ^^^^^^^^^^^^^^
  File "/home/ewater-mmelotto/miniforge3/envs/ewatercycle_spider/lib/python3.12/site-packages/nbclient/client.py", line 603, in setup_kernel
    self.start_new_kernel_client()
  File "/home/ewater-mmelotto/miniforge3/envs/ewatercycle_spider/lib/python3.12/site-packages/jupyter_core/utils/__init__.py", line 165, in wrapped
    return loop.run_until_complete(inner)
           ^^^^^^^^^^^^^^^^^^^^^^^^^^^^^^
  File "/home/ewater-mmelotto/miniforge3/envs/ewatercycle_spider/lib/python3.12/asyncio/base_events.py", line 687, in run_until_complete
    return future.result()
           ^^^^^^^^^^^^^^^
  File "/home/ewater-mmelotto/miniforge3/envs/ewatercycle_spider/lib/python3.12/site-packages/nbclient/client.py", line 566, in async_start_new_kernel_client
    await ensure_async(self.kc.wait_for_ready(timeout=self.startup_timeout))
  File "/home/ewater-mmelotto/miniforge3/envs/ewatercycle_spider/lib/python3.12/site-packages/jupyter_core/utils/__init__.py", line 214, in ensure_async
    result = await obj
             ^^^^^^^^^
  File "/home/ewater-mmelotto/miniforge3/envs/ewatercycle_spider/lib/python3.12/site-packages/jupyter_client/client.py", line 208, in _async_wait_for_ready
    raise RuntimeError("Kernel didn't respond in %d seconds" % timeout)
RuntimeError: Kernel didn't respond in 60 seconds
