Executing:   0%|          | 0/23 [00:00<?, ?cell/s]2026/04/29 19:12:42 CRITICAL: Failed to create file system for "dcache:/climate-data/obs6": read metadata failed: Propfind "https://webdav.grid.surfsara.nl:2880/climate-data/obs6": EOF
2026/04/29 19:12:42 CRITICAL: Failed to create file system for "dcache:/climate-data/caravan": read metadata failed: Propfind "https://webdav.grid.surfsara.nl:2880/climate-data/caravan": EOF
2026/04/29 19:12:42 CRITICAL: Failed to create file system for "dcache:/climate-data/obs6": read metadata failed: Propfind "https://webdav.grid.surfsara.nl:2880/climate-data/obs6": EOF
[IPKernelApp] ERROR | Failed to create history session in /home/ewater-mmelotto/.ipython/profile_default/history.sqlite. History will not be saved.
Traceback (most recent call last):
  File "/home/ewater-mmelotto/miniforge3/envs/ewatercycle_spider/lib/python3.12/site-packages/IPython/core/history.py", line 693, in __init__
    self.new_session()
  File "/home/ewater-mmelotto/miniforge3/envs/ewatercycle_spider/lib/python3.12/site-packages/decorator.py", line 235, in fun
    return caller(func, *(extras + args), **kw)
           ^^^^^^^^^^^^^^^^^^^^^^^^^^^^^^^^^^^^
  File "/home/ewater-mmelotto/miniforge3/envs/ewatercycle_spider/lib/python3.12/site-packages/IPython/core/history.py", line 105, in only_when_enabled
    return f(self, *a, **kw)
           ^^^^^^^^^^^^^^^^^
  File "/home/ewater-mmelotto/miniforge3/envs/ewatercycle_spider/lib/python3.12/site-packages/IPython/core/history.py", line 755, in new_session
    cur = conn.execute(
          ^^^^^^^^^^^^^
sqlite3.OperationalError: database is locked
Executing:   4%|▍         | 1/23 [00:06<02:33,  7.00s/cell]Executing:   9%|▊         | 2/23 [00:08<01:17,  3.69s/cell]Executing:  13%|█▎        | 3/23 [00:13<01:27,  4.39s/cell]Executing:  43%|████▎     | 10/23 [00:13<00:10,  1.25cell/s]Executing:  70%|██████▉   | 16/23 [00:13<00:02,  2.43cell/s]Executing:  87%|████████▋ | 20/23 [00:14<00:01,  2.80cell/s]Executing: 100%|██████████| 23/23 [00:15<00:00,  3.01cell/s]Executing: 100%|██████████| 23/23 [00:18<00:00,  1.26cell/s]
Executing:   0%|          | 0/23 [00:00<?, ?cell/s][IPKernelApp] ERROR | Failed to create history session in /home/ewater-mmelotto/.ipython/profile_default/history.sqlite. History will not be saved.
Traceback (most recent call last):
  File "/home/ewater-mmelotto/miniforge3/envs/ewatercycle_spider/lib/python3.12/site-packages/IPython/core/history.py", line 693, in __init__
    self.new_session()
  File "/home/ewater-mmelotto/miniforge3/envs/ewatercycle_spider/lib/python3.12/site-packages/decorator.py", line 235, in fun
    return caller(func, *(extras + args), **kw)
           ^^^^^^^^^^^^^^^^^^^^^^^^^^^^^^^^^^^^
  File "/home/ewater-mmelotto/miniforge3/envs/ewatercycle_spider/lib/python3.12/site-packages/IPython/core/history.py", line 105, in only_when_enabled
    return f(self, *a, **kw)
           ^^^^^^^^^^^^^^^^^
  File "/home/ewater-mmelotto/miniforge3/envs/ewatercycle_spider/lib/python3.12/site-packages/IPython/core/history.py", line 755, in new_session
    cur = conn.execute(
          ^^^^^^^^^^^^^
sqlite3.OperationalError: database is locked
Executing:   4%|▍         | 1/23 [00:06<02:25,  6.62s/cell]Executing:   9%|▊         | 2/23 [00:12<02:15,  6.47s/cell]Executing:  22%|██▏       | 5/23 [00:13<00:34,  1.89s/cell]Executing:  35%|███▍      | 8/23 [00:13<00:14,  1.04cell/s]Executing:  43%|████▎     | 10/23 [00:13<00:08,  1.49cell/s]Executing:  52%|█████▏    | 12/23 [00:14<00:07,  1.56cell/s]Executing:  65%|██████▌   | 15/23 [00:14<00:03,  2.53cell/s]Executing:  74%|███████▍  | 17/23 [00:14<00:01,  3.22cell/s]Executing:  83%|████████▎ | 19/23 [00:15<00:01,  3.05cell/s]Executing:  91%|█████████▏| 21/23 [00:16<00:00,  3.22cell/s][2026-04-30T03:12:55.009] error: *** JOB 35348754 ON wn-la-10 CANCELLED AT 2026-04-30T03:12:55 DUE TO TIME LIMIT ***
