Executing:   0%|          | 0/23 [00:00<?, ?cell/s][IPKernelApp] ERROR | Failed to create history session in /home/ewater-mmelotto/.ipython/profile_default/history.sqlite. History will not be saved.
Traceback (most recent call last):
  File "/home/ewater-mmelotto/miniforge3/envs/ewatercycle_spider/lib/python3.12/site-packages/IPython/core/history.py", line 693, in __init__
    self.new_session()
  File "/home/ewater-mmelotto/miniforge3/envs/ewatercycle_spider/lib/python3.12/site-packages/decorator.py", line 235, in fun
    return caller(func, *(extras + args), **kw)
           ^^^^^^^^^^^^^^^^^^^^^^^^^^^^^^^^^^^^
  File "/home/ewater-mmelotto/miniforge3/envs/ewatercycle_spider/lib/python3.12/site-packages/IPython/core/history.py", line 105, in only_when_enabled
    return f(self, *a, **kw)
           ^^^^^^^^^^^^^^^^^
  File "/home/ewater-mmelotto/miniforge3/envs/ewatercycle_spider/lib/python3.12/site-packages/IPython/core/history.py", line 755, in new_session
    cur = conn.execute(
          ^^^^^^^^^^^^^
sqlite3.OperationalError: database is locked
Executing:   4%|▍         | 1/23 [00:06<02:26,  6.65s/cell]Executing:   9%|▊         | 2/23 [00:07<01:08,  3.25s/cell]Executing:  13%|█▎        | 3/23 [00:10<01:07,  3.35s/cell]Executing:  17%|█▋        | 4/23 [00:11<00:40,  2.15s/cell]Executing:  22%|██▏       | 5/23 [00:11<00:25,  1.41s/cell]Executing:  35%|███▍      | 8/23 [00:11<00:08,  1.72cell/s]Executing:  70%|██████▉   | 16/23 [00:11<00:01,  5.31cell/s]Executing:  83%|████████▎ | 19/23 [00:12<00:00,  4.96cell/s]Executing:  96%|█████████▌| 22/23 [00:12<00:00,  5.69cell/s]Executing: 100%|██████████| 23/23 [00:15<00:00,  1.50cell/s]
Executing:   0%|          | 0/23 [00:00<?, ?cell/s][IPKernelApp] ERROR | Failed to create history session in /home/ewater-mmelotto/.ipython/profile_default/history.sqlite. History will not be saved.
Traceback (most recent call last):
  File "/home/ewater-mmelotto/miniforge3/envs/ewatercycle_spider/lib/python3.12/site-packages/IPython/core/history.py", line 693, in __init__
    self.new_session()
  File "/home/ewater-mmelotto/miniforge3/envs/ewatercycle_spider/lib/python3.12/site-packages/decorator.py", line 235, in fun
    return caller(func, *(extras + args), **kw)
           ^^^^^^^^^^^^^^^^^^^^^^^^^^^^^^^^^^^^
  File "/home/ewater-mmelotto/miniforge3/envs/ewatercycle_spider/lib/python3.12/site-packages/IPython/core/history.py", line 105, in only_when_enabled
    return f(self, *a, **kw)
           ^^^^^^^^^^^^^^^^^
  File "/home/ewater-mmelotto/miniforge3/envs/ewatercycle_spider/lib/python3.12/site-packages/IPython/core/history.py", line 754, in new_session
    with conn:
         ^^^^
sqlite3.OperationalError: database is locked
Executing:   4%|▍         | 1/23 [00:06<02:13,  6.06s/cell]Executing:   9%|▊         | 2/23 [00:10<01:45,  5.04s/cell]Executing:  35%|███▍      | 8/23 [00:10<00:12,  1.18cell/s]Executing:  48%|████▊     | 11/23 [00:11<00:07,  1.52cell/s]Executing:  65%|██████▌   | 15/23 [00:11<00:03,  2.52cell/s]Executing:  78%|███████▊  | 18/23 [00:12<00:01,  2.94cell/s]Executing:  87%|████████▋ | 20/23 [00:12<00:00,  3.17cell/s]Executing:  91%|█████████▏| 21/23 [00:24<00:00,  3.17cell/s]2026/04/29 19:31:30 CRITICAL: Failed to create file system for "dcache:/climate-data/obs6": read metadata failed: Propfind "https://webdav.grid.surfsara.nl:2880/climate-data/obs6": EOF
2026/04/29 19:31:30 CRITICAL: Failed to create file system for "dcache:/climate-data/obs6": read metadata failed: Propfind "https://webdav.grid.surfsara.nl:2880/climate-data/obs6": EOF
2026/04/29 19:31:30 CRITICAL: Failed to create file system for "dcache:/climate-data/caravan": read metadata failed: Propfind "https://webdav.grid.surfsara.nl:2880/climate-data/caravan": EOF
[2026-04-30T03:28:26.006] error: *** JOB 35349021 ON wn-dc-13 CANCELLED AT 2026-04-30T03:28:26 DUE TO TIME LIMIT ***
