Executing:   0%|          | 0/23 [00:00<?, ?cell/s]Executing:   4%|▍         | 1/23 [00:01<00:42,  1.94s/cell]Executing:   9%|▊         | 2/23 [00:03<00:33,  1.62s/cell]Executing:  13%|█▎        | 3/23 [00:08<01:05,  3.25s/cell]Executing:  22%|██▏       | 5/23 [00:08<00:27,  1.51s/cell]Executing:  26%|██▌       | 6/23 [00:09<00:19,  1.12s/cell]Executing:  35%|███▍      | 8/23 [00:09<00:10,  1.49cell/s]Executing:  52%|█████▏    | 12/23 [00:09<00:03,  3.18cell/s]Executing:  61%|██████    | 14/23 [00:09<00:02,  4.08cell/s]Executing:  70%|██████▉   | 16/23 [00:09<00:01,  5.11cell/s]Executing:  78%|███████▊  | 18/23 [00:10<00:01,  4.18cell/s]Executing:  83%|████████▎ | 19/23 [00:11<00:01,  2.72cell/s]Executing:  96%|█████████▌| 22/23 [00:12<00:00,  3.28cell/s]Executing: 100%|██████████| 23/23 [00:12<00:00,  3.27cell/s]Executing: 100%|██████████| 23/23 [00:13<00:00,  1.65cell/s]
Executing:   0%|          | 0/23 [00:00<?, ?cell/s]Error occurred while starting new kernel client for kernel 86a5e96a-5608-43c2-9bae-f912a17eb2d6: Kernel didn't respond in 60 seconds
Executing:   0%|          | 0/23 [01:02<?, ?cell/s]
Traceback (most recent call last):
  File "/home/ewater-mmelotto/seamless_spider/climatechangeimpact/scripts/cci.py", line 151, in <module>
    pm.execute_notebook(
  File "/home/ewater-mmelotto/miniforge3/envs/ewatercycle_spider/lib/python3.12/site-packages/papermill/execute.py", line 116, in execute_notebook
    nb = papermill_engines.execute_notebook_with_engine(
         ^^^^^^^^^^^^^^^^^^^^^^^^^^^^^^^^^^^^^^^^^^^^^^^
  File "/home/ewater-mmelotto/miniforge3/envs/ewatercycle_spider/lib/python3.12/site-packages/papermill/engines.py", line 48, in execute_notebook_with_engine
    return self.get_engine(engine_name).execute_notebook(nb, kernel_name, **kwargs)
           ^^^^^^^^^^^^^^^^^^^^^^^^^^^^^^^^^^^^^^^^^^^^^^^^^^^^^^^^^^^^^^^^^^^^^^^^
  File "/home/ewater-mmelotto/miniforge3/envs/ewatercycle_spider/lib/python3.12/site-packages/papermill/engines.py", line 370, in execute_notebook
    cls.execute_managed_notebook(nb_man, kernel_name, log_output=log_output, **kwargs)
  File "/home/ewater-mmelotto/miniforge3/envs/ewatercycle_spider/lib/python3.12/site-packages/papermill/engines.py", line 442, in execute_managed_notebook
    return PapermillNotebookClient(nb_man, **final_kwargs).execute()
           ^^^^^^^^^^^^^^^^^^^^^^^^^^^^^^^^^^^^^^^^^^^^^^^^^^^^^^^^^
  File "/home/ewater-mmelotto/miniforge3/envs/ewatercycle_spider/lib/python3.12/site-packages/papermill/clientwrap.py", line 43, in execute
    with self.setup_kernel(**kwargs):
         ^^^^^^^^^^^^^^^^^^^^^^^^^^^
  File "/home/ewater-mmelotto/miniforge3/envs/ewatercycle_spider/lib/python3.12/contextlib.py", line 137, in __enter__
    return next(self.gen)
           ^^^^^^^^^^^^^^
  File "/home/ewater-mmelotto/miniforge3/envs/ewatercycle_spider/lib/python3.12/site-packages/nbclient/client.py", line 603, in setup_kernel
    self.start_new_kernel_client()
  File "/home/ewater-mmelotto/miniforge3/envs/ewatercycle_spider/lib/python3.12/site-packages/jupyter_core/utils/__init__.py", line 165, in wrapped
    return loop.run_until_complete(inner)
           ^^^^^^^^^^^^^^^^^^^^^^^^^^^^^^
  File "/home/ewater-mmelotto/miniforge3/envs/ewatercycle_spider/lib/python3.12/asyncio/base_events.py", line 687, in run_until_complete
    return future.result()
           ^^^^^^^^^^^^^^^
  File "/home/ewater-mmelotto/miniforge3/envs/ewatercycle_spider/lib/python3.12/site-packages/nbclient/client.py", line 566, in async_start_new_kernel_client
    await ensure_async(self.kc.wait_for_ready(timeout=self.startup_timeout))
  File "/home/ewater-mmelotto/miniforge3/envs/ewatercycle_spider/lib/python3.12/site-packages/jupyter_core/utils/__init__.py", line 214, in ensure_async
    result = await obj
             ^^^^^^^^^
  File "/home/ewater-mmelotto/miniforge3/envs/ewatercycle_spider/lib/python3.12/site-packages/jupyter_client/client.py", line 208, in _async_wait_for_ready
    raise RuntimeError("Kernel didn't respond in %d seconds" % timeout)
RuntimeError: Kernel didn't respond in 60 seconds
