Executing:   0%|          | 0/23 [00:00<?, ?cell/s]2026/04/29 21:03:14 CRITICAL: Failed to create file system for "dcache:/climate-data/obs6": read metadata failed: Propfind "https://webdav.grid.surfsara.nl:2880/climate-data/obs6": EOF
2026/04/29 21:03:14 CRITICAL: Failed to create file system for "dcache:/climate-data/obs6": read metadata failed: Propfind "https://webdav.grid.surfsara.nl:2880/climate-data/obs6": EOF
2026/04/29 21:03:14 CRITICAL: Failed to create file system for "dcache:/climate-data/caravan": read metadata failed: Propfind "https://webdav.grid.surfsara.nl:2880/climate-data/caravan": EOF
[IPKernelApp] ERROR | Failed to create history session in /home/ewater-mmelotto/.ipython/profile_default/history.sqlite. History will not be saved.
Traceback (most recent call last):
  File "/home/ewater-mmelotto/miniforge3/envs/ewatercycle_spider/lib/python3.12/site-packages/IPython/core/history.py", line 693, in __init__
    self.new_session()
  File "/home/ewater-mmelotto/miniforge3/envs/ewatercycle_spider/lib/python3.12/site-packages/decorator.py", line 235, in fun
    return caller(func, *(extras + args), **kw)
           ^^^^^^^^^^^^^^^^^^^^^^^^^^^^^^^^^^^^
  File "/home/ewater-mmelotto/miniforge3/envs/ewatercycle_spider/lib/python3.12/site-packages/IPython/core/history.py", line 105, in only_when_enabled
    return f(self, *a, **kw)
           ^^^^^^^^^^^^^^^^^
  File "/home/ewater-mmelotto/miniforge3/envs/ewatercycle_spider/lib/python3.12/site-packages/IPython/core/history.py", line 755, in new_session
    cur = conn.execute(
          ^^^^^^^^^^^^^
sqlite3.OperationalError: database is locked
Executing:   4%|▍         | 1/23 [00:08<02:56,  8.02s/cell]Executing:   9%|▊         | 2/23 [00:09<01:26,  4.12s/cell]Executing:  13%|█▎        | 3/23 [00:15<01:36,  4.80s/cell]Executing:  35%|███▍      | 8/23 [00:15<00:17,  1.14s/cell]Executing:  61%|██████    | 14/23 [00:15<00:04,  1.98cell/s]Executing:  78%|███████▊  | 18/23 [00:15<00:01,  2.87cell/s]Executing:  91%|█████████▏| 21/23 [00:16<00:00,  2.70cell/s]Executing: 100%|██████████| 23/23 [00:17<00:00,  2.96cell/s]Executing: 100%|██████████| 23/23 [00:19<00:00,  1.16cell/s]
Executing:   0%|          | 0/23 [00:00<?, ?cell/s][IPKernelApp] ERROR | Failed to create history session in /home/ewater-mmelotto/.ipython/profile_default/history.sqlite. History will not be saved.
Traceback (most recent call last):
  File "/home/ewater-mmelotto/miniforge3/envs/ewatercycle_spider/lib/python3.12/site-packages/IPython/core/history.py", line 693, in __init__
    self.new_session()
  File "/home/ewater-mmelotto/miniforge3/envs/ewatercycle_spider/lib/python3.12/site-packages/decorator.py", line 235, in fun
    return caller(func, *(extras + args), **kw)
           ^^^^^^^^^^^^^^^^^^^^^^^^^^^^^^^^^^^^
  File "/home/ewater-mmelotto/miniforge3/envs/ewatercycle_spider/lib/python3.12/site-packages/IPython/core/history.py", line 105, in only_when_enabled
    return f(self, *a, **kw)
           ^^^^^^^^^^^^^^^^^
  File "/home/ewater-mmelotto/miniforge3/envs/ewatercycle_spider/lib/python3.12/site-packages/IPython/core/history.py", line 755, in new_session
    cur = conn.execute(
          ^^^^^^^^^^^^^
sqlite3.OperationalError: database is locked
Executing:   4%|▍         | 1/23 [00:07<02:42,  7.40s/cell]Executing:   9%|▊         | 2/23 [00:14<02:32,  7.24s/cell]Executing:  30%|███       | 7/23 [00:14<00:22,  1.41s/cell]Executing:  43%|████▎     | 10/23 [00:14<00:11,  1.18cell/s]Executing:  57%|█████▋    | 13/23 [00:15<00:06,  1.47cell/s]Executing:  74%|███████▍  | 17/23 [00:16<00:02,  2.40cell/s]Executing:  83%|████████▎ | 19/23 [00:16<00:01,  2.45cell/s]Executing:  91%|█████████▏| 21/23 [00:17<00:00,  2.77cell/s]Executing:  91%|█████████▏| 21/23 [00:30<00:00,  2.77cell/s][2026-04-30T05:03:32.007] error: *** JOB 35351352 ON wn-la-07 CANCELLED AT 2026-04-30T05:03:32 DUE TO TIME LIMIT ***
